[backblue.gif]
[fade.gif]
[index.html]
[dl.dropboxusercontent.com/u/370454958/geacron/map/theme/default/style2.css_; filename_=UTF-8''style2.css]
[dl.dropboxusercontent.com/u/370454958/geacron/map/OpenLayers.js_; filename_=UTF-8''OpenLayersb8ff.js]
[dl.dropboxusercontent.com/u/370454958/geacron/map/atlas/mapal.js_; filename_=UTF-8''mapal42b5.js]
[dl.dropboxusercontent.com/u/370454958/geacron/map/atlas/funciones2.js_; filename_=UTF-8''funciones2b8ff.js]
[dl.dropboxusercontent.com/u/370454958/geacron/map/atlas/dates.js_; filename_=UTF-8''dates4779.js]
[dl.dropboxusercontent.com/u/370454958/geacron/map/atlas/idioma1.js_; filename_=UTF-8''idioma1b8ff.js]
[dl.dropboxusercontent.com/u/370454958/geacron/map/atlas/tilesaccess.js_; filename_=UTF-8''tilesaccessd187.js]
[dl.dropboxusercontent.com/u/370454958/geacron/map/atlas/ajax_search.js_; filename_=UTF-8''ajax_searchb8ff.js]
[geacron.com/map/atlas/geacron.com]
[geacron.com/map/atlas/mapal.html]
[dl.dropboxusercontent.com/u/370454958/geacron/map/theme/default/img/blank.gif_; filename_=UTF-8''blank.gif]
[dl.dropboxusercontent.com/u/370454958/geacron/map/theme/default/img/overview_replacement.gif_; filename_=UTF-8''overview_replacement.gif]
[dl.dropboxusercontent.com/u/370454958/geacron/map/theme/default/img/navigation_history.png_; filename_=UTF-8''navigation_history.png]
[dl.dropboxusercontent.com/u/370454958/geacron/map/theme/default/img/save_features_on.png_; filename_=UTF-8''save_features_on.png]
[dl.dropboxusercontent.com/u/370454958/geacron/map/theme/default/img/save_features_off.png_; filename_=UTF-8''save_features_off.png]
[dl.dropboxusercontent.com/u/370454958/geacron/map/theme/default/img/pan-panel.png_; filename_=UTF-8''pan-panel.png]
[dl.dropboxusercontent.com/u/370454958/geacron/map/theme/default/img/zoom-panel.png_; filename_=UTF-8''zoom-panel.png]
[dl.dropboxusercontent.com/u/370454958/geacron/map/theme/default/img/close.gif_; filename_=UTF-8''close.gif]
[dl.dropboxusercontent.com/u/370454958/geacron/map/theme/default/img/editing_tool_bar.png_; filename_=UTF-8''editing_tool_bar.png]
[dl.dropboxusercontent.com/u/370454958/geacron/map/theme/default/style2.css_; filename_=UTF-8''style2.css]
[geacron.com/map/atlas/geacron.html]
